 13 | ERROR | Class level documentation missing
 19 | ERROR | Class level documentation missing
 22 | ERROR | Class level documentation missing
 25 | ERROR | Class level documentation missing
 28 | ERROR | Class level documentation missing
 31 | ERROR | Class level documentation missing
 34 | ERROR | Class level documentation missing
 38 | ERROR | Class level documentation missing
